// Jest Snapshot v1, https://goo.gl/fbAQLP

exports[`kosko generate --prod 1`] = `
"---
metadata:
  annotations:
    app.gitlab.com/app: socialgouv-cdtn-contrib-site
    app.gitlab.com/env: prod2
    app.gitlab.com/env.name: prod2
  labels:
    app: app
    application: cdtn-contrib-site
    owner: cdtn-contrib-site
    team: cdtn-contrib-site
  name: app
  namespace: cdtn-contrib-site
spec:
  replicas: 1
  selector:
    matchLabels:
      app: app
  template:
    metadata:
      annotations:
        app.gitlab.com/app: socialgouv-cdtn-contrib-site
        app.gitlab.com/env: prod2
        app.gitlab.com/env.name: prod2
      labels:
        app: app
        application: cdtn-contrib-site
        owner: cdtn-contrib-site
        team: cdtn-contrib-site
    spec:
      containers:
        - image: >-
            registry.gitlab.factory.social.gouv.fr/socialgouv/cdtn-contrib-site/app:1.2.3
          livenessProbe:
            failureThreshold: 6
            httpGet:
              path: /healthz
              port: http
            initialDelaySeconds: 30
            periodSeconds: 5
            timeoutSeconds: 5
          name: app
          ports:
            - containerPort: 3000
              name: http
          readinessProbe:
            failureThreshold: 15
            httpGet:
              path: /healthz
              port: http
            initialDelaySeconds: 0
            periodSeconds: 5
            successThreshold: 1
            timeoutSeconds: 1
          resources:
            limits:
              cpu: 1000m
              memory: 768Mi
            requests:
              cpu: 5m
              memory: 128Mi
          startupProbe:
            failureThreshold: 12
            httpGet:
              path: /healthz
              port: http
            periodSeconds: 5
          env:
            - name: REDIS_URL
              value: 'redis://redis:80'
      initContainers:
        - name: init
          image: >-
            registry.gitlab.factory.social.gouv.fr/socialgouv/cdtn-contrib-site/init:c58c0974f7023063b1296d3a5a285b46b92771f8
          imagePullPolicy: Always
          resources:
            requests:
              cpu: 2000m
              memory: 2Gi
            limits:
              cpu: 2000m
              memory: 2Gi
          env:
            - name: REDIS_URL
              value: 'redis://redis:80'
apiVersion: apps/v1
kind: Deployment
---
metadata:
  labels:
    app: app
    application: cdtn-contrib-site
    owner: cdtn-contrib-site
    team: cdtn-contrib-site
  name: app
  annotations:
    app.gitlab.com/app: socialgouv-cdtn-contrib-site
    app.gitlab.com/env: prod2
    app.gitlab.com/env.name: prod2
  namespace: cdtn-contrib-site
spec:
  ports:
    - name: http
      port: 80
      targetPort: 3000
  selector:
    app: app
  type: ClusterIP
apiVersion: v1
kind: Service
---
metadata:
  annotations:
    kubernetes.io/ingress.class: nginx
    certmanager.k8s.io/cluster-issuer: letsencrypt-prod
    kubernetes.io/tls-acme: 'true'
    app.gitlab.com/app: socialgouv-cdtn-contrib-site
    app.gitlab.com/env: prod2
    app.gitlab.com/env.name: prod2
  labels:
    app: app
    application: cdtn-contrib-site
    owner: cdtn-contrib-site
    team: cdtn-contrib-site
  name: app
  namespace: cdtn-contrib-site
spec:
  rules:
    - host: cdtn-contrib-site.fabrique.social.gouv.fr
      http:
        paths:
          - backend:
              serviceName: app
              servicePort: 80
            path: /
  tls:
    - hosts:
        - cdtn-contrib-site.fabrique.social.gouv.fr
      secretName: app-crt
apiVersion: extensions/v1beta1
kind: Ingress
---
metadata:
  annotations:
    app.gitlab.com/app: socialgouv-cdtn-contrib-site
    app.gitlab.com/env: prod2
    app.gitlab.com/env.name: prod2
  labels:
    app: redis
    application: cdtn-contrib-site
    owner: cdtn-contrib-site
    team: cdtn-contrib-site
    component: redis
  name: redis
  namespace: cdtn-contrib-site
spec:
  replicas: 1
  selector:
    matchLabels:
      app: redis
  template:
    metadata:
      annotations:
        app.gitlab.com/app: socialgouv-cdtn-contrib-site
        app.gitlab.com/env: prod2
        app.gitlab.com/env.name: prod2
      labels:
        app: redis
        application: cdtn-contrib-site
        owner: cdtn-contrib-site
        team: cdtn-contrib-site
        component: redis
    spec:
      containers:
        - image: 'redis:6.0.5-alpine3.12'
          livenessProbe:
            failureThreshold: 6
            initialDelaySeconds: 30
            periodSeconds: 5
            timeoutSeconds: 5
            exec:
              command:
                - sh
                - '-c'
                - redis-cli ping
          name: redis
          ports:
            - containerPort: 6379
              name: http
          readinessProbe:
            failureThreshold: 15
            initialDelaySeconds: 0
            periodSeconds: 5
            successThreshold: 1
            timeoutSeconds: 1
            exec:
              command:
                - sh
                - '-c'
                - redis-cli ping
          resources:
            limits:
              cpu: 1000m
              memory: 1Gi
            requests:
              cpu: 5m
              memory: 128Mi
          startupProbe:
            failureThreshold: 12
            periodSeconds: 5
            exec:
              command:
                - sh
                - '-c'
                - redis-cli ping
apiVersion: apps/v1
kind: Deployment
---
metadata:
  labels:
    app: redis
    application: cdtn-contrib-site
    owner: cdtn-contrib-site
    team: cdtn-contrib-site
  name: redis
  annotations:
    app.gitlab.com/app: socialgouv-cdtn-contrib-site
    app.gitlab.com/env: prod2
    app.gitlab.com/env.name: prod2
  namespace: cdtn-contrib-site
spec:
  ports:
    - name: http
      port: 80
      targetPort: 6379
  selector:
    app: redis
  type: ClusterIP
apiVersion: v1
kind: Service
"
`;
